<?xml version="1.0" encoding="UTF-8"?>
<TestRun id="31570c48-efd1-44c1-aaa2-a150f1d647fa" name="SYSTEM@TESTAPP01 2011-09-02 10:23:55" runUser="NT AUTHORITY\SYSTEM" xmlns="http://microsoft.com/schemas/VisualStudio/TeamTest/2010">
  <TestSettings name="Default Test Settings" id="48001106-6c86-42d1-be0c-9021696d1549">
    <Deployment userDeploymentRoot="C:\womp\womp-home\xml-data\build-dir\YJ-YJCI-JOB1" useDefaultDeploymentRoot="false" runDeploymentRoot="SYSTEM_TESTAPP01 2011-09-02 10_23_55" />
    <Execution>
      <TestTypeSpecific />
      <AgentRule name="Execution Agents">
      </AgentRule>
    </Execution>
  </TestSettings>
  <Times creation="2011-09-02T10:23:55.7118398-04:00" queuing="2011-09-02T10:23:57.3994046-04:00" start="2011-09-02T10:23:57.8994238-04:00" finish="2011-09-02T10:23:58.8838366-04:00" />
  <ResultSummary outcome="Failed">
    <Counters total="19" executed="19" error="0" failed="19" timeout="0" aborted="0" inconclusive="0" passedButRunAborted="0" notRunnable="0" notExecuted="0" disconnected="0" warning="0" passed="0" completed="0" inProgress="0" pending="0" />
  </ResultSummary>
  <TestDefinitions>
    <UnitTest name="GetListOfAddressAndZipTest" storage="unittests\bin\debug\unittests.dll" id="8bf6f013-dccd-8d77-a6b6-d4580bd257b8">
      <Execution id="6d22a97a-ab84-4462-9f64-7c5de9886d57" />
      <TestMethod codeBase="C:/womp/womp-home/xml-data/build-dir/YJ-YJCI-JOB1/UnitTests/bin/debug/UnitTests.DLL" adapterTypeName="Microsoft.VisualStudio.TestTools.TestTypes.Unit.UnitTestAdapter, Microsoft.VisualStudio.QualityTools.Tips.UnitTest.Adapter, Version=10.0.0.0, Culture=neutral, PublicKeyToken=b03f5f7f11d50a3a" className="UnitTests.DBConnectionTest, UnitTests, Version=1.0.0.0, Culture=neutral, PublicKeyToken=null" name="GetListOfAddressAndZipTest" />
      <AspNet webSiteUrl="http://localhost:1889/">
        <Host pathToWebApp="C:\YellowJacket Website\YellowJacket" webAppRoot="/" />
      </AspNet>
    </UnitTest>
    <UnitTest name="OnSearchCompletedTest" storage="unittests\bin\debug\unittests.dll" id="49023ca1-c4cf-0654-9248-68d63d178387">
      <DeploymentItems>
        <DeploymentItem filename="YellowJacket.dll" />
      </DeploymentItems>
      <Execution id="f2272324-277c-42a4-b91f-964096862d6c" />
      <TestMethod codeBase="C:/womp/womp-home/xml-data/build-dir/YJ-YJCI-JOB1/UnitTests/bin/debug/UnitTests.DLL" adapterTypeName="Microsoft.VisualStudio.TestTools.TestTypes.Unit.UnitTestAdapter, Microsoft.VisualStudio.QualityTools.Tips.UnitTest.Adapter, Version=10.0.0.0, Culture=neutral, PublicKeyToken=b03f5f7f11d50a3a" className="UnitTests.GoogleSearchTest, UnitTests, Version=1.0.0.0, Culture=neutral, PublicKeyToken=null" name="OnSearchCompletedTest" />
      <AspNet webSiteUrl="http://localhost:1889/">
        <Host pathToWebApp="C:\YellowJacket Website\YellowJacket" webAppRoot="/" />
      </AspNet>
    </UnitTest>
    <UnitTest name="GetConnectionTest" storage="unittests\bin\debug\unittests.dll" id="c9784197-b4f0-2c97-6460-43d13298c473">
      <Execution id="23d3fd33-605e-4360-a130-20402ca762a6" />
      <TestMethod codeBase="C:/womp/womp-home/xml-data/build-dir/YJ-YJCI-JOB1/UnitTests/bin/debug/UnitTests.DLL" adapterTypeName="Microsoft.VisualStudio.TestTools.TestTypes.Unit.UnitTestAdapter, Microsoft.VisualStudio.QualityTools.Tips.UnitTest.Adapter, Version=10.0.0.0, Culture=neutral, PublicKeyToken=b03f5f7f11d50a3a" className="UnitTests.DBConnectionTest, UnitTests, Version=1.0.0.0, Culture=neutral, PublicKeyToken=null" name="GetConnectionTest" />
      <AspNet webSiteUrl="http://localhost:1889/">
        <Host pathToWebApp="C:\YellowJacket Website\YellowJacket" webAppRoot="/" />
      </AspNet>
    </UnitTest>
    <UnitTest name="NumTest" storage="unittests\bin\debug\unittests.dll" id="a80c7f43-6fe0-2a08-8039-2a224f2f540a">
      <Execution id="dca9bffc-487a-486d-a41b-3a382413887a" />
      <TestMethod codeBase="C:/womp/womp-home/xml-data/build-dir/YJ-YJCI-JOB1/UnitTests/bin/debug/UnitTests.DLL" adapterTypeName="Microsoft.VisualStudio.TestTools.TestTypes.Unit.UnitTestAdapter, Microsoft.VisualStudio.QualityTools.Tips.UnitTest.Adapter, Version=10.0.0.0, Culture=neutral, PublicKeyToken=b03f5f7f11d50a3a" className="UnitTests.GoogleSearchTest, UnitTests, Version=1.0.0.0, Culture=neutral, PublicKeyToken=null" name="NumTest" />
      <AspNet webSiteUrl="http://localhost:1889/">
        <Host pathToWebApp="C:\YellowJacket Website\YellowJacket" webAppRoot="/" />
      </AspNet>
    </UnitTest>
    <UnitTest name="GetPropertyDataByBNKStatusTest" storage="unittests\bin\debug\unittests.dll" id="5e18dd72-c975-db90-91e1-8d648afbda83">
      <Execution id="9b12cc28-9cff-4014-9749-5d1be71128cd" />
      <TestMethod codeBase="C:/womp/womp-home/xml-data/build-dir/YJ-YJCI-JOB1/UnitTests/bin/debug/UnitTests.DLL" adapterTypeName="Microsoft.VisualStudio.TestTools.TestTypes.Unit.UnitTestAdapter, Microsoft.VisualStudio.QualityTools.Tips.UnitTest.Adapter, Version=10.0.0.0, Culture=neutral, PublicKeyToken=b03f5f7f11d50a3a" className="UnitTests.DBConnectionTest, UnitTests, Version=1.0.0.0, Culture=neutral, PublicKeyToken=null" name="GetPropertyDataByBNKStatusTest" />
      <AspNet webSiteUrl="http://localhost:1889/">
        <Host pathToWebApp="C:\YellowJacket Website\YellowJacket" webAppRoot="/" />
      </AspNet>
    </UnitTest>
    <UnitTest name="CXTest" storage="unittests\bin\debug\unittests.dll" id="b1a21be7-48f4-76d1-4943-dbf8b8c83f61">
      <Execution id="db5a159c-326a-4edc-87f4-2987668491e9" />
      <TestMethod codeBase="C:/womp/womp-home/xml-data/build-dir/YJ-YJCI-JOB1/UnitTests/bin/debug/UnitTests.DLL" adapterTypeName="Microsoft.VisualStudio.TestTools.TestTypes.Unit.UnitTestAdapter, Microsoft.VisualStudio.QualityTools.Tips.UnitTest.Adapter, Version=10.0.0.0, Culture=neutral, PublicKeyToken=b03f5f7f11d50a3a" className="UnitTests.GoogleSearchTest, UnitTests, Version=1.0.0.0, Culture=neutral, PublicKeyToken=null" name="CXTest" />
      <AspNet webSiteUrl="http://localhost:1889/">
        <Host pathToWebApp="C:\YellowJacket Website\YellowJacket" webAppRoot="/" />
      </AspNet>
    </UnitTest>
    <UnitTest name="GetDataTest" storage="unittests\bin\debug\unittests.dll" id="30dcc2f2-a868-61da-ff01-4a0951cd2aba">
      <Execution id="b18f84ff-1a6b-4633-bdd6-e45c83162f0c" />
      <TestMethod codeBase="C:/womp/womp-home/xml-data/build-dir/YJ-YJCI-JOB1/UnitTests/bin/debug/UnitTests.DLL" adapterTypeName="Microsoft.VisualStudio.TestTools.TestTypes.Unit.UnitTestAdapter, Microsoft.VisualStudio.QualityTools.Tips.UnitTest.Adapter, Version=10.0.0.0, Culture=neutral, PublicKeyToken=b03f5f7f11d50a3a" className="UnitTests.DBConnectionTest, UnitTests, Version=1.0.0.0, Culture=neutral, PublicKeyToken=null" name="GetDataTest" />
      <AspNet webSiteUrl="http://localhost:1889/">
        <Host pathToWebApp="C:\YellowJacket Website\YellowJacket" webAppRoot="/" />
      </AspNet>
    </UnitTest>
    <UnitTest name="GoogleSearchConstructorTest" storage="unittests\bin\debug\unittests.dll" id="4b1bdd5d-1ee8-99c4-273f-ddc6c6db134e">
      <Execution id="b655f5aa-f57b-4198-99f7-d2e6038ac1b6" />
      <TestMethod codeBase="C:/womp/womp-home/xml-data/build-dir/YJ-YJCI-JOB1/UnitTests/bin/debug/UnitTests.DLL" adapterTypeName="Microsoft.VisualStudio.TestTools.TestTypes.Unit.UnitTestAdapter, Microsoft.VisualStudio.QualityTools.Tips.UnitTest.Adapter, Version=10.0.0.0, Culture=neutral, PublicKeyToken=b03f5f7f11d50a3a" className="UnitTests.GoogleSearchTest, UnitTests, Version=1.0.0.0, Culture=neutral, PublicKeyToken=null" name="GoogleSearchConstructorTest" />
      <AspNet webSiteUrl="http://localhost:1889/">
        <Host pathToWebApp="C:\YellowJacket Website\YellowJacket" webAppRoot="/" />
      </AspNet>
    </UnitTest>
    <UnitTest name="InsertDataIntoGoogleSearchResultsTest" storage="unittests\bin\debug\unittests.dll" id="0daa2b8b-e584-3292-4bf0-1f78ff2f99ff">
      <Execution id="9f995593-36ef-44c9-af06-ecd8f3e2b25a" />
      <TestMethod codeBase="C:/womp/womp-home/xml-data/build-dir/YJ-YJCI-JOB1/UnitTests/bin/debug/UnitTests.DLL" adapterTypeName="Microsoft.VisualStudio.TestTools.TestTypes.Unit.UnitTestAdapter, Microsoft.VisualStudio.QualityTools.Tips.UnitTest.Adapter, Version=10.0.0.0, Culture=neutral, PublicKeyToken=b03f5f7f11d50a3a" className="UnitTests.DBConnectionTest, UnitTests, Version=1.0.0.0, Culture=neutral, PublicKeyToken=null" name="InsertDataIntoGoogleSearchResultsTest" />
      <AspNet webSiteUrl="http://localhost:1889/">
        <Host pathToWebApp="C:\YellowJacket Website\YellowJacket" webAppRoot="/" />
      </AspNet>
    </UnitTest>
    <UnitTest name="GetWebResultsTest" storage="unittests\bin\debug\unittests.dll" id="f6ad3cdd-af46-2baf-5c88-e21a1757a6b0">
      <Execution id="6804899b-ce23-4efc-b859-a0658b0b29ce" />
      <TestMethod codeBase="C:/womp/womp-home/xml-data/build-dir/YJ-YJCI-JOB1/UnitTests/bin/debug/UnitTests.DLL" adapterTypeName="Microsoft.VisualStudio.TestTools.TestTypes.Unit.UnitTestAdapter, Microsoft.VisualStudio.QualityTools.Tips.UnitTest.Adapter, Version=10.0.0.0, Culture=neutral, PublicKeyToken=b03f5f7f11d50a3a" className="UnitTests.DBConnectionTest, UnitTests, Version=1.0.0.0, Culture=neutral, PublicKeyToken=null" name="GetWebResultsTest" />
      <AspNet webSiteUrl="http://localhost:1889/">
        <Host pathToWebApp="C:\YellowJacket Website\YellowJacket" webAppRoot="/" />
      </AspNet>
    </UnitTest>
    <UnitTest name="SearchTest" storage="unittests\bin\debug\unittests.dll" id="65d12c0b-bea9-0058-01e7-6db7751712b4">
      <Execution id="374ad879-205b-4a6d-ab65-c58af8f7608e" />
      <TestMethod codeBase="C:/womp/womp-home/xml-data/build-dir/YJ-YJCI-JOB1/UnitTests/bin/debug/UnitTests.DLL" adapterTypeName="Microsoft.VisualStudio.TestTools.TestTypes.Unit.UnitTestAdapter, Microsoft.VisualStudio.QualityTools.Tips.UnitTest.Adapter, Version=10.0.0.0, Culture=neutral, PublicKeyToken=b03f5f7f11d50a3a" className="UnitTests.GoogleSearchTest, UnitTests, Version=1.0.0.0, Culture=neutral, PublicKeyToken=null" name="SearchTest" />
      <AspNet webSiteUrl="http://localhost:1889/">
        <Host pathToWebApp="C:\YellowJacket Website\YellowJacket" webAppRoot="/" />
      </AspNet>
    </UnitTest>
    <UnitTest name="GetListOfLoanNumbersTest" storage="unittests\bin\debug\unittests.dll" id="260e43fc-0bd0-aaa7-902d-0305a816e6cb">
      <Execution id="2d8318ef-6f89-4e6a-a112-170dbce39b5a" />
      <TestMethod codeBase="C:/womp/womp-home/xml-data/build-dir/YJ-YJCI-JOB1/UnitTests/bin/debug/UnitTests.DLL" adapterTypeName="Microsoft.VisualStudio.TestTools.TestTypes.Unit.UnitTestAdapter, Microsoft.VisualStudio.QualityTools.Tips.UnitTest.Adapter, Version=10.0.0.0, Culture=neutral, PublicKeyToken=b03f5f7f11d50a3a" className="UnitTests.DBConnectionTest, UnitTests, Version=1.0.0.0, Culture=neutral, PublicKeyToken=null" name="GetListOfLoanNumbersTest" />
      <AspNet webSiteUrl="http://localhost:1889/">
        <Host pathToWebApp="C:\YellowJacket Website\YellowJacket" webAppRoot="/" />
      </AspNet>
    </UnitTest>
    <UnitTest name="SafeLevelTest" storage="unittests\bin\debug\unittests.dll" id="9780d02a-b98b-98e2-fba8-0d413433f6d6">
      <Execution id="18e5d4d2-8b25-48d2-bcf9-21bc40b68ba3" />
      <TestMethod codeBase="C:/womp/womp-home/xml-data/build-dir/YJ-YJCI-JOB1/UnitTests/bin/debug/UnitTests.DLL" adapterTypeName="Microsoft.VisualStudio.TestTools.TestTypes.Unit.UnitTestAdapter, Microsoft.VisualStudio.QualityTools.Tips.UnitTest.Adapter, Version=10.0.0.0, Culture=neutral, PublicKeyToken=b03f5f7f11d50a3a" className="UnitTests.GoogleSearchTest, UnitTests, Version=1.0.0.0, Culture=neutral, PublicKeyToken=null" name="SafeLevelTest" />
      <AspNet webSiteUrl="http://localhost:1889/">
        <Host pathToWebApp="C:\YellowJacket Website\YellowJacket" webAppRoot="/" />
      </AspNet>
    </UnitTest>
    <UnitTest name="GoogleSearchResultsConstructorTest" storage="unittests\bin\debug\unittests.dll" id="b34430fd-3f76-a4fd-7ae6-2f3f4a3a7487">
      <Execution id="e112234e-a196-4fcb-937d-ffcf5942adf3" />
      <TestMethod codeBase="C:/womp/womp-home/xml-data/build-dir/YJ-YJCI-JOB1/UnitTests/bin/debug/UnitTests.DLL" adapterTypeName="Microsoft.VisualStudio.TestTools.TestTypes.Unit.UnitTestAdapter, Microsoft.VisualStudio.QualityTools.Tips.UnitTest.Adapter, Version=10.0.0.0, Culture=neutral, PublicKeyToken=b03f5f7f11d50a3a" className="UnitTests.GoogleSearchResultsTest, UnitTests, Version=1.0.0.0, Culture=neutral, PublicKeyToken=null" name="GoogleSearchResultsConstructorTest" />
      <AspNet webSiteUrl="http://localhost:1889/">
        <Host pathToWebApp="C:\YellowJacket Website\YellowJacket" webAppRoot="/" />
      </AspNet>
    </UnitTest>
    <UnitTest name="KeyTest" storage="unittests\bin\debug\unittests.dll" id="8c0bf878-02aa-ac73-1ae2-6ba728a0b06b">
      <Execution id="435f5766-83a6-4395-8ade-66230e7003bd" />
      <TestMethod codeBase="C:/womp/womp-home/xml-data/build-dir/YJ-YJCI-JOB1/UnitTests/bin/debug/UnitTests.DLL" adapterTypeName="Microsoft.VisualStudio.TestTools.TestTypes.Unit.UnitTestAdapter, Microsoft.VisualStudio.QualityTools.Tips.UnitTest.Adapter, Version=10.0.0.0, Culture=neutral, PublicKeyToken=b03f5f7f11d50a3a" className="UnitTests.GoogleSearchTest, UnitTests, Version=1.0.0.0, Culture=neutral, PublicKeyToken=null" name="KeyTest" />
      <AspNet webSiteUrl="http://localhost:1889/">
        <Host pathToWebApp="C:\YellowJacket Website\YellowJacket" webAppRoot="/" />
      </AspNet>
    </UnitTest>
    <UnitTest name="StartTest" storage="unittests\bin\debug\unittests.dll" id="ea5fce17-235a-e2d8-2643-31ac37c34f10">
      <Execution id="57b624c7-070c-4a64-a535-f6f7ee7b9076" />
      <TestMethod codeBase="C:/womp/womp-home/xml-data/build-dir/YJ-YJCI-JOB1/UnitTests/bin/debug/UnitTests.DLL" adapterTypeName="Microsoft.VisualStudio.TestTools.TestTypes.Unit.UnitTestAdapter, Microsoft.VisualStudio.QualityTools.Tips.UnitTest.Adapter, Version=10.0.0.0, Culture=neutral, PublicKeyToken=b03f5f7f11d50a3a" className="UnitTests.GoogleSearchTest, UnitTests, Version=1.0.0.0, Culture=neutral, PublicKeyToken=null" name="StartTest" />
      <AspNet webSiteUrl="http://localhost:1889/">
        <Host pathToWebApp="C:\YellowJacket Website\YellowJacket" webAppRoot="/" />
      </AspNet>
    </UnitTest>
    <UnitTest name="GetStatusListTest" storage="unittests\bin\debug\unittests.dll" id="83b04791-6f32-95b5-8bbd-acbf282a54cc">
      <Execution id="a0b20644-bd6b-4566-953e-c70ba45c9a1f" />
      <TestMethod codeBase="C:/womp/womp-home/xml-data/build-dir/YJ-YJCI-JOB1/UnitTests/bin/debug/UnitTests.DLL" adapterTypeName="Microsoft.VisualStudio.TestTools.TestTypes.Unit.UnitTestAdapter, Microsoft.VisualStudio.QualityTools.Tips.UnitTest.Adapter, Version=10.0.0.0, Culture=neutral, PublicKeyToken=b03f5f7f11d50a3a" className="UnitTests.DBConnectionTest, UnitTests, Version=1.0.0.0, Culture=neutral, PublicKeyToken=null" name="GetStatusListTest" />
      <AspNet webSiteUrl="http://localhost:1889/">
        <Host pathToWebApp="C:\YellowJacket Website\YellowJacket" webAppRoot="/" />
      </AspNet>
    </UnitTest>
    <UnitTest name="GetGoogleSearchResultsTest" storage="unittests\bin\debug\unittests.dll" id="f1acdceb-675e-0597-dac0-4b900c411384">
      <Execution id="86e1a141-de1c-4515-9b54-9e29a5d7bd98" />
      <TestMethod codeBase="C:/womp/womp-home/xml-data/build-dir/YJ-YJCI-JOB1/UnitTests/bin/debug/UnitTests.DLL" adapterTypeName="Microsoft.VisualStudio.TestTools.TestTypes.Unit.UnitTestAdapter, Microsoft.VisualStudio.QualityTools.Tips.UnitTest.Adapter, Version=10.0.0.0, Culture=neutral, PublicKeyToken=b03f5f7f11d50a3a" className="UnitTests.GoogleSearchResultsTest, UnitTests, Version=1.0.0.0, Culture=neutral, PublicKeyToken=null" name="GetGoogleSearchResultsTest" />
      <AspNet webSiteUrl="http://localhost:1889/">
        <Host pathToWebApp="C:\YellowJacket Website\YellowJacket" webAppRoot="/" />
      </AspNet>
    </UnitTest>
    <UnitTest name="GetStatesListTest" storage="unittests\bin\debug\unittests.dll" id="a970ef63-8e7b-790d-303f-1ac74ab67022">
      <Execution id="9b076b5b-ef86-43fc-ba63-18db790336f7" />
      <TestMethod codeBase="C:/womp/womp-home/xml-data/build-dir/YJ-YJCI-JOB1/UnitTests/bin/debug/UnitTests.DLL" adapterTypeName="Microsoft.VisualStudio.TestTools.TestTypes.Unit.UnitTestAdapter, Microsoft.VisualStudio.QualityTools.Tips.UnitTest.Adapter, Version=10.0.0.0, Culture=neutral, PublicKeyToken=b03f5f7f11d50a3a" className="UnitTests.DBConnectionTest, UnitTests, Version=1.0.0.0, Culture=neutral, PublicKeyToken=null" name="GetStatesListTest" />
      <AspNet webSiteUrl="http://localhost:1889/">
        <Host pathToWebApp="C:\YellowJacket Website\YellowJacket" webAppRoot="/" />
      </AspNet>
    </UnitTest>
  </TestDefinitions>
  <TestLists>
    <TestList name="Results Not in a List" id="8c84fa94-04c1-424b-9868-57a2d4851a1d" />
    <TestList name="All Loaded Results" id="19431567-8539-422a-85d7-44ee4e166bda" />
  </TestLists>
  <TestEntries>
    <TestEntry testId="c9784197-b4f0-2c97-6460-43d13298c473" executionId="23d3fd33-605e-4360-a130-20402ca762a6" testListId="8c84fa94-04c1-424b-9868-57a2d4851a1d" />
    <TestEntry testId="30dcc2f2-a868-61da-ff01-4a0951cd2aba" executionId="b18f84ff-1a6b-4633-bdd6-e45c83162f0c" testListId="8c84fa94-04c1-424b-9868-57a2d4851a1d" />
    <TestEntry testId="8bf6f013-dccd-8d77-a6b6-d4580bd257b8" executionId="6d22a97a-ab84-4462-9f64-7c5de9886d57" testListId="8c84fa94-04c1-424b-9868-57a2d4851a1d" />
    <TestEntry testId="260e43fc-0bd0-aaa7-902d-0305a816e6cb" executionId="2d8318ef-6f89-4e6a-a112-170dbce39b5a" testListId="8c84fa94-04c1-424b-9868-57a2d4851a1d" />
    <TestEntry testId="5e18dd72-c975-db90-91e1-8d648afbda83" executionId="9b12cc28-9cff-4014-9749-5d1be71128cd" testListId="8c84fa94-04c1-424b-9868-57a2d4851a1d" />
    <TestEntry testId="a970ef63-8e7b-790d-303f-1ac74ab67022" executionId="9b076b5b-ef86-43fc-ba63-18db790336f7" testListId="8c84fa94-04c1-424b-9868-57a2d4851a1d" />
    <TestEntry testId="83b04791-6f32-95b5-8bbd-acbf282a54cc" executionId="a0b20644-bd6b-4566-953e-c70ba45c9a1f" testListId="8c84fa94-04c1-424b-9868-57a2d4851a1d" />
    <TestEntry testId="f6ad3cdd-af46-2baf-5c88-e21a1757a6b0" executionId="6804899b-ce23-4efc-b859-a0658b0b29ce" testListId="8c84fa94-04c1-424b-9868-57a2d4851a1d" />
    <TestEntry testId="0daa2b8b-e584-3292-4bf0-1f78ff2f99ff" executionId="9f995593-36ef-44c9-af06-ecd8f3e2b25a" testListId="8c84fa94-04c1-424b-9868-57a2d4851a1d" />
    <TestEntry testId="f1acdceb-675e-0597-dac0-4b900c411384" executionId="86e1a141-de1c-4515-9b54-9e29a5d7bd98" testListId="8c84fa94-04c1-424b-9868-57a2d4851a1d" />
    <TestEntry testId="b34430fd-3f76-a4fd-7ae6-2f3f4a3a7487" executionId="e112234e-a196-4fcb-937d-ffcf5942adf3" testListId="8c84fa94-04c1-424b-9868-57a2d4851a1d" />
    <TestEntry testId="b1a21be7-48f4-76d1-4943-dbf8b8c83f61" executionId="db5a159c-326a-4edc-87f4-2987668491e9" testListId="8c84fa94-04c1-424b-9868-57a2d4851a1d" />
    <TestEntry testId="4b1bdd5d-1ee8-99c4-273f-ddc6c6db134e" executionId="b655f5aa-f57b-4198-99f7-d2e6038ac1b6" testListId="8c84fa94-04c1-424b-9868-57a2d4851a1d" />
    <TestEntry testId="8c0bf878-02aa-ac73-1ae2-6ba728a0b06b" executionId="435f5766-83a6-4395-8ade-66230e7003bd" testListId="8c84fa94-04c1-424b-9868-57a2d4851a1d" />
    <TestEntry testId="a80c7f43-6fe0-2a08-8039-2a224f2f540a" executionId="dca9bffc-487a-486d-a41b-3a382413887a" testListId="8c84fa94-04c1-424b-9868-57a2d4851a1d" />
    <TestEntry testId="49023ca1-c4cf-0654-9248-68d63d178387" executionId="f2272324-277c-42a4-b91f-964096862d6c" testListId="8c84fa94-04c1-424b-9868-57a2d4851a1d" />
    <TestEntry testId="9780d02a-b98b-98e2-fba8-0d413433f6d6" executionId="18e5d4d2-8b25-48d2-bcf9-21bc40b68ba3" testListId="8c84fa94-04c1-424b-9868-57a2d4851a1d" />
    <TestEntry testId="65d12c0b-bea9-0058-01e7-6db7751712b4" executionId="374ad879-205b-4a6d-ab65-c58af8f7608e" testListId="8c84fa94-04c1-424b-9868-57a2d4851a1d" />
    <TestEntry testId="ea5fce17-235a-e2d8-2643-31ac37c34f10" executionId="57b624c7-070c-4a64-a535-f6f7ee7b9076" testListId="8c84fa94-04c1-424b-9868-57a2d4851a1d" />
  </TestEntries>
  <Results>
    <UnitTestResult executionId="23d3fd33-605e-4360-a130-20402ca762a6" testId="c9784197-b4f0-2c97-6460-43d13298c473" testName="GetConnectionTest" computerName="TESTAPP01" startTime="2011-09-02T10:23:57.9931774-04:00" endTime="2011-09-02T10:23:58.1181822-04:00" testType="13cdc9d9-ddb5-4fa4-a97d-d965ccfc6d4b" outcome="Failed" testListId="8c84fa94-04c1-424b-9868-57a2d4851a1d" relativeResultsDirectory="23d3fd33-605e-4360-a130-20402ca762a6">
      <Output>
        <ErrorInfo>
          <Message>test message</Message>
        </ErrorInfo>
      </Output>
    </UnitTestResult>
    <UnitTestResult executionId="b18f84ff-1a6b-4633-bdd6-e45c83162f0c" testId="30dcc2f2-a868-61da-ff01-4a0951cd2aba" testName="GetDataTest" computerName="TESTAPP01" startTime="2011-09-02T10:23:58.1181822-04:00" endTime="2011-09-02T10:23:58.1963102-04:00" testType="13cdc9d9-ddb5-4fa4-a97d-d965ccfc6d4b" outcome="Failed" testListId="8c84fa94-04c1-424b-9868-57a2d4851a1d" relativeResultsDirectory="b18f84ff-1a6b-4633-bdd6-e45c83162f0c">
      <Output>
        <ErrorInfo>
          <Message>test message</Message>
        </ErrorInfo>
      </Output>
    </UnitTestResult>
    <UnitTestResult executionId="6d22a97a-ab84-4462-9f64-7c5de9886d57" testId="8bf6f013-dccd-8d77-a6b6-d4580bd257b8" testName="GetListOfAddressAndZipTest" computerName="TESTAPP01" startTime="2011-09-02T10:23:58.1963102-04:00" endTime="2011-09-02T10:23:58.2119358-04:00" testType="13cdc9d9-ddb5-4fa4-a97d-d965ccfc6d4b" outcome="Failed" testListId="8c84fa94-04c1-424b-9868-57a2d4851a1d" relativeResultsDirectory="6d22a97a-ab84-4462-9f64-7c5de9886d57">
      <Output>
        <ErrorInfo>
          <Message>test message</Message>
        </ErrorInfo>
      </Output>
    </UnitTestResult>
    <UnitTestResult executionId="2d8318ef-6f89-4e6a-a112-170dbce39b5a" testId="260e43fc-0bd0-aaa7-902d-0305a816e6cb" testName="GetListOfLoanNumbersTest" computerName="TESTAPP01" startTime="2011-09-02T10:23:58.2119358-04:00" endTime="2011-09-02T10:23:58.2119358-04:00" testType="13cdc9d9-ddb5-4fa4-a97d-d965ccfc6d4b" outcome="Failed" testListId="8c84fa94-04c1-424b-9868-57a2d4851a1d" relativeResultsDirectory="2d8318ef-6f89-4e6a-a112-170dbce39b5a">
      <Output>
        <ErrorInfo>
          <Message>test message</Message>
        </ErrorInfo>
      </Output>
    </UnitTestResult>
    <UnitTestResult executionId="9b12cc28-9cff-4014-9749-5d1be71128cd" testId="5e18dd72-c975-db90-91e1-8d648afbda83" testName="GetPropertyDataByBNKStatusTest" computerName="TESTAPP01" startTime="2011-09-02T10:23:58.4931966-04:00" endTime="2011-09-02T10:23:58.5088222-04:00" testType="13cdc9d9-ddb5-4fa4-a97d-d965ccfc6d4b" outcome="Failed" testListId="8c84fa94-04c1-424b-9868-57a2d4851a1d" relativeResultsDirectory="9b12cc28-9cff-4014-9749-5d1be71128cd">
      <Output>
        <ErrorInfo>
          <Message>test message</Message>
        </ErrorInfo>
      </Output>
    </UnitTestResult>
    <UnitTestResult executionId="9b076b5b-ef86-43fc-ba63-18db790336f7" testId="a970ef63-8e7b-790d-303f-1ac74ab67022" testName="GetStatesListTest" computerName="TESTAPP01" startTime="2011-09-02T10:23:58.5244478-04:00" endTime="2011-09-02T10:23:58.5244478-04:00" testType="13cdc9d9-ddb5-4fa4-a97d-d965ccfc6d4b" outcome="Failed" testListId="8c84fa94-04c1-424b-9868-57a2d4851a1d" relativeResultsDirectory="9b076b5b-ef86-43fc-ba63-18db790336f7">
      <Output>
        <ErrorInfo>
          <Message>test message</Message>
        </ErrorInfo>
      </Output>
    </UnitTestResult>
    <UnitTestResult executionId="a0b20644-bd6b-4566-953e-c70ba45c9a1f" testId="83b04791-6f32-95b5-8bbd-acbf282a54cc" testName="GetStatusListTest" computerName="TESTAPP01" startTime="2011-09-02T10:23:58.5400734-04:00" endTime="2011-09-02T10:23:58.5400734-04:00" testType="13cdc9d9-ddb5-4fa4-a97d-d965ccfc6d4b" outcome="Failed" testListId="8c84fa94-04c1-424b-9868-57a2d4851a1d" relativeResultsDirectory="a0b20644-bd6b-4566-953e-c70ba45c9a1f">
      <Output>
        <ErrorInfo>
          <Message>test message</Message>
        </ErrorInfo>
      </Output>
    </UnitTestResult>
    <UnitTestResult executionId="6804899b-ce23-4efc-b859-a0658b0b29ce" testId="f6ad3cdd-af46-2baf-5c88-e21a1757a6b0" testName="GetWebResultsTest" computerName="TESTAPP01" startTime="2011-09-02T10:23:58.5556990-04:00" endTime="2011-09-02T10:23:58.5556990-04:00" testType="13cdc9d9-ddb5-4fa4-a97d-d965ccfc6d4b" outcome="Failed" testListId="8c84fa94-04c1-424b-9868-57a2d4851a1d" relativeResultsDirectory="6804899b-ce23-4efc-b859-a0658b0b29ce">
      <Output>
        <ErrorInfo>
          <Message>test message</Message>
        </ErrorInfo>
      </Output>
    </UnitTestResult>
    <UnitTestResult executionId="9f995593-36ef-44c9-af06-ecd8f3e2b25a" testId="0daa2b8b-e584-3292-4bf0-1f78ff2f99ff" testName="InsertDataIntoGoogleSearchResultsTest" computerName="TESTAPP01" startTime="2011-09-02T10:23:58.5556990-04:00" endTime="2011-09-02T10:23:58.5713246-04:00" testType="13cdc9d9-ddb5-4fa4-a97d-d965ccfc6d4b" outcome="Failed" testListId="8c84fa94-04c1-424b-9868-57a2d4851a1d" relativeResultsDirectory="9f995593-36ef-44c9-af06-ecd8f3e2b25a">
      <Output>
        <ErrorInfo>
          <Message>test message</Message>
        </ErrorInfo>
      </Output>
    </UnitTestResult>
    <UnitTestResult executionId="86e1a141-de1c-4515-9b54-9e29a5d7bd98" testId="f1acdceb-675e-0597-dac0-4b900c411384" testName="GetGoogleSearchResultsTest" computerName="TESTAPP01" startTime="2011-09-02T10:23:58.5869502-04:00" endTime="2011-09-02T10:23:58.5869502-04:00" testType="13cdc9d9-ddb5-4fa4-a97d-d965ccfc6d4b" outcome="Failed" testListId="8c84fa94-04c1-424b-9868-57a2d4851a1d" relativeResultsDirectory="86e1a141-de1c-4515-9b54-9e29a5d7bd98">
      <Output>
        <ErrorInfo>
          <Message>test message</Message>
        </ErrorInfo>
      </Output>
    </UnitTestResult>
    <UnitTestResult executionId="e112234e-a196-4fcb-937d-ffcf5942adf3" testId="b34430fd-3f76-a4fd-7ae6-2f3f4a3a7487" testName="GoogleSearchResultsConstructorTest" computerName="TESTAPP01" startTime="2011-09-02T10:23:58.6025758-04:00" endTime="2011-09-02T10:23:58.6025758-04:00" testType="13cdc9d9-ddb5-4fa4-a97d-d965ccfc6d4b" outcome="Failed" testListId="8c84fa94-04c1-424b-9868-57a2d4851a1d" relativeResultsDirectory="e112234e-a196-4fcb-937d-ffcf5942adf3">
      <Output>
        <ErrorInfo>
          <Message>test message</Message>
        </ErrorInfo>
      </Output>
    </UnitTestResult>
    <UnitTestResult executionId="db5a159c-326a-4edc-87f4-2987668491e9" testId="b1a21be7-48f4-76d1-4943-dbf8b8c83f61" testName="CXTest" computerName="TESTAPP01" startTime="2011-09-02T10:23:58.6182014-04:00" endTime="2011-09-02T10:23:58.6182014-04:00" testType="13cdc9d9-ddb5-4fa4-a97d-d965ccfc6d4b" outcome="Failed" testListId="8c84fa94-04c1-424b-9868-57a2d4851a1d" relativeResultsDirectory="db5a159c-326a-4edc-87f4-2987668491e9">
      <Output>
        <ErrorInfo>
          <Message>test message</Message>
        </ErrorInfo>
      </Output>
    </UnitTestResult>
    <UnitTestResult executionId="b655f5aa-f57b-4198-99f7-d2e6038ac1b6" testId="4b1bdd5d-1ee8-99c4-273f-ddc6c6db134e" testName="GoogleSearchConstructorTest" computerName="TESTAPP01" startTime="2011-09-02T10:23:58.6182014-04:00" endTime="2011-09-02T10:23:58.6338270-04:00" testType="13cdc9d9-ddb5-4fa4-a97d-d965ccfc6d4b" outcome="Failed" testListId="8c84fa94-04c1-424b-9868-57a2d4851a1d" relativeResultsDirectory="b655f5aa-f57b-4198-99f7-d2e6038ac1b6">
      <Output>
        <ErrorInfo>
          <Message>test message</Message>
        </ErrorInfo>
      </Output>
    </UnitTestResult>
    <UnitTestResult executionId="435f5766-83a6-4395-8ade-66230e7003bd" testId="8c0bf878-02aa-ac73-1ae2-6ba728a0b06b" testName="KeyTest" computerName="TESTAPP01" startTime="2011-09-02T10:23:58.6338270-04:00" endTime="2011-09-02T10:23:58.6494526-04:00" testType="13cdc9d9-ddb5-4fa4-a97d-d965ccfc6d4b" outcome="Failed" testListId="8c84fa94-04c1-424b-9868-57a2d4851a1d" relativeResultsDirectory="435f5766-83a6-4395-8ade-66230e7003bd">
      <Output>
        <ErrorInfo>
          <Message>test message</Message>
        </ErrorInfo>
      </Output>
    </UnitTestResult>
    <UnitTestResult executionId="dca9bffc-487a-486d-a41b-3a382413887a" testId="a80c7f43-6fe0-2a08-8039-2a224f2f540a" testName="NumTest" computerName="TESTAPP01" startTime="2011-09-02T10:23:58.6494526-04:00" endTime="2011-09-02T10:23:58.6494526-04:00" testType="13cdc9d9-ddb5-4fa4-a97d-d965ccfc6d4b" outcome="Failed" testListId="8c84fa94-04c1-424b-9868-57a2d4851a1d" relativeResultsDirectory="dca9bffc-487a-486d-a41b-3a382413887a">
      <Output>
        <ErrorInfo>
          <Message>test message</Message>
        </ErrorInfo>
      </Output>
    </UnitTestResult>
    <UnitTestResult executionId="f2272324-277c-42a4-b91f-964096862d6c" testId="49023ca1-c4cf-0654-9248-68d63d178387" testName="OnSearchCompletedTest" computerName="TESTAPP01" startTime="2011-09-02T10:23:58.6494526-04:00" endTime="2011-09-02T10:23:58.6650782-04:00" testType="13cdc9d9-ddb5-4fa4-a97d-d965ccfc6d4b" outcome="Failed" testListId="8c84fa94-04c1-424b-9868-57a2d4851a1d" relativeResultsDirectory="f2272324-277c-42a4-b91f-964096862d6c">
      <Output>
        <ErrorInfo>
          <Message>test message</Message>
        </ErrorInfo>
      </Output>
    </UnitTestResult>
    <UnitTestResult executionId="18e5d4d2-8b25-48d2-bcf9-21bc40b68ba3" testId="9780d02a-b98b-98e2-fba8-0d413433f6d6" testName="SafeLevelTest" computerName="TESTAPP01" startTime="2011-09-02T10:23:58.6650782-04:00" endTime="2011-09-02T10:23:58.6650782-04:00" testType="13cdc9d9-ddb5-4fa4-a97d-d965ccfc6d4b" outcome="Failed" testListId="8c84fa94-04c1-424b-9868-57a2d4851a1d" relativeResultsDirectory="18e5d4d2-8b25-48d2-bcf9-21bc40b68ba3">
      <Output>
        <ErrorInfo>
          <Message>test message</Message>
        </ErrorInfo>
      </Output>
    </UnitTestResult>
    <UnitTestResult executionId="374ad879-205b-4a6d-ab65-c58af8f7608e" testId="65d12c0b-bea9-0058-01e7-6db7751712b4" testName="SearchTest" computerName="TESTAPP01" startTime="2011-09-02T10:23:58.6807038-04:00" endTime="2011-09-02T10:23:58.6807038-04:00" testType="13cdc9d9-ddb5-4fa4-a97d-d965ccfc6d4b" outcome="Failed" testListId="8c84fa94-04c1-424b-9868-57a2d4851a1d" relativeResultsDirectory="374ad879-205b-4a6d-ab65-c58af8f7608e">
      <Output>
        <ErrorInfo>
          <Message>test message</Message>
        </ErrorInfo>
      </Output>
    </UnitTestResult>
    <UnitTestResult executionId="57b624c7-070c-4a64-a535-f6f7ee7b9076" testId="ea5fce17-235a-e2d8-2643-31ac37c34f10" testName="StartTest" computerName="TESTAPP01" startTime="2011-09-02T10:23:58.6807038-04:00" endTime="2011-09-02T10:23:58.6963294-04:00" testType="13cdc9d9-ddb5-4fa4-a97d-d965ccfc6d4b" outcome="Failed" testListId="8c84fa94-04c1-424b-9868-57a2d4851a1d" relativeResultsDirectory="57b624c7-070c-4a64-a535-f6f7ee7b9076">
      <Output>
        <ErrorInfo>
          <Message>test message</Message>
        </ErrorInfo>
      </Output>
    </UnitTestResult>
  </Results>
</TestRun>